# Установка сервера ms sql 2019
$ sudo apt-get install apt-transport-https
$ wget -qO- https://packages.microsoft.com/keys/microsoft.asc | sudo apt-key add -
$ sudo add-apt-repository "$(wget -qO- https://packages.microsoft.com/config/ubuntu/18.04/mssql-server-2019.list)"
$ curl https://packages.microsoft.com/config/ubuntu/18.04/prod.list | sudo tee /etc/apt/sources.list.d/msprod.list
$ sudo apt-get update && sudo apt upgrade -y
# Установка aspnet и dotnet
$ sudo apt-get install -y aspnetcore-runtime-3.1 dotnet-runtime-3.1 aspnetcore-runtime-2.1 dotnet-runtime-2.1
# Отключаем телеметрию
$ echo 'export DOTNET_CLI_TELEMETRY_OPTOUT=true' | sudo tee -a /etc/profile.d/mssql-tools.sh
# Сам сервер
$ sudo apt-get install -y mssql-server
# Настройка установки sql сервера
$ sudo /opt/mssql/bin/mssql-conf setup
# Я ставил девелоп, русский язык сортировки и пароль SA Flvby$123
# Создание пользователя с админскими правами для sql сервера
$ /opt/mssql-tools/bin/sqlcmd -S localhost -U SA
> CREATE LOGIN yura WITH PASSWORD='User$123', DEFAULT_DATABASE=[master], CHECK_EXPIRATION=ON, CHECK_POLICY=ON; ALTER SERVER ROLE [sysadmin] ADD MEMBER [yura]
> GO
> QUIT
# Активировать агента
$ sudo /opt/mssql/bin/mssql-conf set sqlagent.enabled true 
$ sudo systemctl restart mssql-server.service && systemctl status mssql-server --no-pager
# Установка polybase
$ sudo apt-get install mssql-server-polybase
$ sudo systemctl restart mssql-server
# Средства командной строки и powershell
$ sudo apt install -y mssql-tools unixodbc-dev powershell
# Добавить пути к исполняемым файлам
$ echo 'export PATH="$PATH:/opt/mssql-tools/bin"' | sudo tee /etc/profile.d/mssql-tools.sh
$ export PATH="$PATH:/opt/mssql-tools/bin"
# Установка модуля sql server в powershell
$ sudo pwsh
$ Install-Module -Name SqlServer
$ exit
#### Команды изменения политики для powershell
####(Set-ExecutionPolicy -ExecutionPolicy [AllSigned  | Bypass | Default | RemoteSigned | Restricted | Undefined
####| Unrestricted] -Scope [MachinePolicy | UserPolicy | Process | CurrentUser | LocalMachine])
# Правило для ufw
sudo nano /etc/ufw/applications.d/ms-sql
########
[MSSQL]
title=Microsoft SQL Server 
description=Microsoft DataBase System
ports=1433/tcp
########
$ sudo ufw allow MSSQL
$ sudo ufw reload && sudo ufw status verbose
