# Установка сервера ms sql 2019 не на малинке
$ sudo apt-get install apt-transport-https
$ wget -qO- https://packages.microsoft.com/keys/microsoft.asc | sudo apt-key add -
$ sudo add-apt-repository "$(wget -qO- https://packages.microsoft.com/config/ubuntu/18.04/mssql-server-2019.list)"
$ curl https://packages.microsoft.com/config/ubuntu/18.04/prod.list | sudo tee /etc/apt/sources.list.d/msprod.list
$ sudo apt-get update && sudo apt upgrade -y
# Установка aspnet и dotnet
$ sudo apt-get install -y dotnet-sdk-3.1
# Отключаем телеметрию
$ echo 'export DOTNET_CLI_TELEMETRY_OPTOUT=true' | sudo tee -a /etc/profile.d/mssql-tools.sh
# Сам сервер
$ sudo apt-get install -y mssql-server
# Настройка установки sql сервера
$ sudo /opt/mssql/bin/mssql-conf setup
# Я ставил девелоп, русский язык сортировки и пароль SA Flvby$123
# Активировать агента
$ sudo /opt/mssql/bin/mssql-conf set sqlagent.enabled true 
$ sudo systemctl restart mssql-server.service && systemctl status mssql-server --no-pager
# Установка polybase
$ sudo apt-get install mssql-server-polybase
$ sudo systemctl restart mssql-server
# Полнотекстовый поиск
$ sudo apt-get install -y mssql-server-fts
$ sudo systemctl restart mssql-server
#########################################################################################
# Использование MS SQL сервера в docker
docker pull mcr.microsoft.com/mssql/server:2019-latest
# или docker pull mcr.microsoft.com/mssql/server:2017-latest
# С использованием вольюма 2 пути:
docker run -e "ACCEPT_EULA=Y" -e "SA_PASSWORD=Flvby$1966" -e 'MSSQL_PID=Developer' -p 1433:1433 --name sql2019 -h sql2019 --restart=always -v /var/opt/mssql/data:/var/opt/mssql/data -v /var/opt/mssql/log:/var/opt/mssql/log -v /var/opt/mssql/secrets:/var/opt/mssql/secrets -d mcr.microsoft.com/mssql/server:2019-latest
# или
docker run -e "ACCEPT_EULA=Y" -e "SA_PASSWORD=Flvby@1966" -e 'MSSQL_PID=Developer' -p 1433:1433 --name sql2019 -h sql2019 --restart=always -v sqlvolume:/var/opt/mssql -d mcr.microsoft.com/mssql/server:2019-latest
# подключение в терминале
docker exec -it sql2019 "bash"
#########################################################################################
# Средства командной строки и powershell
$ sudo apt install -y mssql-tools unixodbc-dev powershell
# Добавить пути к исполняемым файлам
$ echo 'export PATH="$PATH:/opt/mssql-tools/bin"' | sudo tee -a /etc/profile.d/mssql-tools.sh
$ export PATH="$PATH:/opt/mssql-tools/bin"
# Создание пользователя с админскими правами для sql сервера
$ /opt/mssql-tools/bin/sqlcmd -S localhost -U SA
> CREATE LOGIN user WITH PASSWORD='User$123', DEFAULT_DATABASE=[master], CHECK_EXPIRATION=ON, CHECK_POLICY=ON; ALTER SERVER ROLE [sysadmin] ADD MEMBER [user]
> GO
> QUIT
# Установка модуля sql server в powershell
$ sudo pwsh
$ Install-Module -Name SqlServer
$ exit
#### Команды изменения политики для powershell
####(Set-ExecutionPolicy -ExecutionPolicy [AllSigned  | Bypass | Default | RemoteSigned | Restricted | Undefined
####| Unrestricted] -Scope [MachinePolicy | UserPolicy | Process | CurrentUser | LocalMachine])
# Правило для ufw
sudo nano /etc/ufw/applications.d/ms-sql
########
[MSSQL]
title=Microsoft SQL Server 
description=Microsoft DataBase System
ports=1433/tcp
########
$ sudo ufw allow MSSQL
$ sudo ufw reload && sudo ufw status verbose
